MO four_bit_adder NULL four_bit_adder.v vlg05/four__bit__adder.bin 1518004121
MO six_bit_adder NULL six_bit_adder.v vlg65/six__bit__adder.bin 1517829804
MO five_bit_adder NULL five_bit_adder.v vlg57/five__bit__adder.bin 1518004121
MO full_adder NULL full_adder.v vlg5A/full__adder.bin 1518004121
MO six_bit_top_module NULL six_bit_top_module.v vlg31/six__bit__top__module.bin 1518004121
