MO four_bit_adder NULL four_bit_adder.v vlg05/four__bit__adder.bin 1518526437
MO check NULL check.v vlg32/check.bin 1518526437
MO five_bit_adder NULL five_bit_adder.v vlg57/five__bit__adder.bin 1518526437
MO top_module NULL top_module.v vlg2C/top__module.bin 1518526437
MO full_adder NULL full_adder.v vlg5A/full__adder.bin 1518526437
